// Jest Snapshot v1, https://goo.gl/fbAQLP

exports[`bundled About documents matches the complete ar token golden 1`] = `
[
  {
    "children": [
      {
        "type": "text",
        "value": "عن المساحة السورية (Syrian Zone)",
      },
    ],
    "type": "h2",
  },
  {
    "children": [
      {
        "type": "text",
        "value": "مبادرة تفاعلية مفتوحة وغير تجارية.",
      },
    ],
    "type": "paragraph",
  },
  {
    "children": [
      {
        "type": "text",
        "value": "مرحبًا بكم في ",
      },
      {
        "children": [
          {
            "type": "text",
            "value": "المساحة السورية (Syrian Zone)",
          },
        ],
        "type": "bold",
      },
      {
        "type": "text",
        "value": "! هذا المشروع هو جهد تعاوني مفتوح المصدر يهدف إلى توفير أدوات وموارد متنوعة ومفيدة للمجتمع السوري.",
      },
    ],
    "type": "paragraph",
  },
  {
    "children": [
      {
        "type": "text",
        "value": "نهدف من خلال هذا المشروع إلى بناء مساحة برمجية تتميز بالبساطة والقيمة العالية، وسهولة الوصول، والإطلاق السريع للأدوات المفتوحة التي تهم السوريين في الداخل والدول المجاورة ودول الاغتراب.",
      },
    ],
    "type": "paragraph",
  },
  {
    "children": [
      {
        "type": "text",
        "value": "الفريق المؤسس",
      },
    ],
    "type": "h2",
  },
  {
    "children": [
      {
        "type": "text",
        "value": "بدأ المشروع بمبادرة وتطوير شخصي من:",
      },
    ],
    "type": "paragraph",
  },
  {
    "items": [
      [
        {
          "children": [
            {
              "type": "text",
              "value": "هادي الأحمد",
            },
          ],
          "type": "bold",
        },
        {
          "type": "text",
          "value": " (",
        },
        {
          "children": [
            {
              "type": "text",
              "value": "@hadealahmad",
            },
          ],
          "href": "https://twitter.com/hadealahmad",
          "type": "link",
        },
        {
          "type": "text",
          "value": ") مؤسس ومطور رئيسي.",
        },
      ],
      [
        {
          "children": [
            {
              "type": "text",
              "value": "نور صوفناتي",
            },
          ],
          "type": "bold",
        },
        {
          "type": "text",
          "value": " (",
        },
        {
          "children": [
            {
              "type": "text",
              "value": "@Nour_Sofanati",
            },
          ],
          "href": "https://twitter.com/Nour_Sofanati",
          "type": "link",
        },
        {
          "type": "text",
          "value": ") مؤسس ومطور رئيسي.",
        },
      ],
    ],
    "type": "list",
  },
  {
    "children": [
      {
        "type": "text",
        "value": "المساهمون والإسنادات (Contributors)",
      },
    ],
    "type": "h2",
  },
  {
    "children": [
      {
        "type": "text",
        "value": "نخص بالذكر والشكر جميع المساهمين الرائعين في هذا المشروع:",
      },
    ],
    "type": "paragraph",
  },
  {
    "items": [
      [
        {
          "children": [
            {
              "type": "text",
              "value": "مكدوس (@macdoos)",
            },
          ],
          "type": "bold",
        },
        {
          "type": "text",
          "value": " ساهم بتطوير قسم تقييم الوزراء والمسؤولين بالكامل.",
        },
      ],
      [
        {
          "children": [
            {
              "type": "text",
              "value": "الحارث الموسى (@tirh25)",
            },
          ],
          "type": "bold",
        },
        {
          "type": "text",
          "value": " قام بإضافة وتوثيق قاعدة بيانات الحسابات الرسمية السورية.",
        },
      ],
      [
        {
          "children": [
            {
              "type": "text",
              "value": "haiueida (@haiueida)",
            },
          ],
          "type": "bold",
        },
        {
          "type": "text",
          "value": " وفر الترجمة الكردية لصفحة الحسابات الرسمية.",
        },
      ],
      [
        {
          "children": [
            {
              "type": "text",
              "value": "Waleed Khamees (@WaleedKhamees)",
            },
          ],
          "type": "bold",
        },
        {
          "type": "text",
          "value": " ساهم في ضغط الصور وتحسين أداء سرعة الموقع.",
        },
      ],
      [
        {
          "children": [
            {
              "type": "text",
              "value": "SourceM7",
            },
          ],
          "type": "bold",
        },
        {
          "type": "text",
          "value": " ساهم بتطوير أطلس سوريا وتطوير وتصميم الصفحة الرئيسية.",
        },
      ],
      [
        {
          "children": [
            {
              "type": "text",
              "value": "وحيد شعّار (@WaheedShaar)",
            },
          ],
          "type": "bold",
        },
        {
          "type": "text",
          "value": " وفر النسخة الهندسية DWG للعلم السوري في الهوية البصرية.",
        },
      ],
      [
        {
          "children": [
            {
              "type": "text",
              "value": "عبدالرحمن حداد (@abd_hmh)",
            },
          ],
          "type": "bold",
        },
        {
          "type": "text",
          "value": " وفر الدليل الإرشادي لتفاصيل وأبعاد العلم السوري.",
        },
      ],
      [
        {
          "children": [
            {
              "type": "text",
              "value": "يوري دندشي (@yuri.dandashi)",
            },
          ],
          "type": "bold",
        },
        {
          "type": "text",
          "value": " تصميم الشعار وأيقونة الموقع والهوية البصرية العامة.",
        },
      ],
    ],
    "type": "list",
  },
  {
    "children": [
      {
        "type": "text",
        "value": "مشروع مفتوح المصدر (MIT License)",
      },
    ],
    "type": "h2",
  },
  {
    "children": [
      {
        "type": "text",
        "value": "هذا المشروع مرخص تحت رخصة ",
      },
      {
        "children": [
          {
            "type": "text",
            "value": "MIT License",
          },
        ],
        "type": "bold",
      },
      {
        "type": "text",
        "value": " الحرة ومتاحة شفرته المصدرية للجميع على منصة GitHub.",
      },
    ],
    "type": "paragraph",
  },
  {
    "items": [
      [
        {
          "children": [
            {
              "type": "text",
              "value": "المستودع على GitHub",
            },
          ],
          "href": "https://github.com/syrianzone/syrianzone",
          "type": "link",
        },
      ],
      [
        {
          "children": [
            {
              "type": "text",
              "value": "تحميل الهوية البصرية (Brand Kit)",
            },
          ],
          "href": "https://syrian.zone/assets/BrandKit.zip",
          "type": "link",
        },
      ],
    ],
    "type": "list",
  },
  {
    "children": [
      {
        "type": "text",
        "value": "حقوق الموارد والأيقونات (Attributions)",
      },
    ],
    "type": "h2",
  },
  {
    "children": [
      {
        "type": "text",
        "value": "الأيقونات المستعملة في أدوات ومشاريع المنصة مأخوذة من مجموعات Streamline Icons ومتاحة بموجب رخصة Creative Commons Attribution 4.0 International (CC BY 4.0).",
      },
    ],
    "type": "paragraph",
  },
]
`;

exports[`bundled About documents matches the complete en token golden 1`] = `
[
  {
    "children": [
      {
        "type": "text",
        "value": "About Syrian Zone",
      },
    ],
    "type": "h2",
  },
  {
    "children": [
      {
        "type": "text",
        "value": "Non-commercial open-source community platform.",
      },
    ],
    "type": "paragraph",
  },
  {
    "children": [
      {
        "type": "text",
        "value": "Welcome to ",
      },
      {
        "children": [
          {
            "type": "text",
            "value": "Syrian Zone (المساحة السورية)",
          },
        ],
        "type": "bold",
      },
      {
        "type": "text",
        "value": "! This project is an open-source collaborative effort aimed at building open resources, interactive tools, and data hubs for the Syrian community.",
      },
    ],
    "type": "paragraph",
  },
  {
    "children": [
      {
        "type": "text",
        "value": "We aim to create high-value, accessible, and lightweight open software solutions for Syrians locally and across the diaspora.",
      },
    ],
    "type": "paragraph",
  },
  {
    "children": [
      {
        "type": "text",
        "value": "Founders",
      },
    ],
    "type": "h2",
  },
  {
    "children": [
      {
        "type": "text",
        "value": "Initiated and maintained by:",
      },
    ],
    "type": "paragraph",
  },
  {
    "items": [
      [
        {
          "children": [
            {
              "type": "text",
              "value": "Hadi Alahmad",
            },
          ],
          "type": "bold",
        },
        {
          "type": "text",
          "value": " (",
        },
        {
          "children": [
            {
              "type": "text",
              "value": "@hadealahmad",
            },
          ],
          "href": "https://twitter.com/hadealahmad",
          "type": "link",
        },
        {
          "type": "text",
          "value": "), co-founder and lead developer.",
        },
      ],
      [
        {
          "children": [
            {
              "type": "text",
              "value": "Nour Sofanati",
            },
          ],
          "type": "bold",
        },
        {
          "type": "text",
          "value": " (",
        },
        {
          "children": [
            {
              "type": "text",
              "value": "@Nour_Sofanati",
            },
          ],
          "href": "https://twitter.com/Nour_Sofanati",
          "type": "link",
        },
        {
          "type": "text",
          "value": "), co-founder and lead developer.",
        },
      ],
    ],
    "type": "list",
  },
  {
    "children": [
      {
        "type": "text",
        "value": "Contributors & Credits",
      },
    ],
    "type": "h2",
  },
  {
    "children": [
      {
        "type": "text",
        "value": "Special thanks to our awesome community contributors:",
      },
    ],
    "type": "paragraph",
  },
  {
    "items": [
      [
        {
          "children": [
            {
              "type": "text",
              "value": "Makdoos (@macdoos)",
            },
          ],
          "type": "bold",
        },
        {
          "type": "text",
          "value": " developed the complete Cabinet Tierlist and evaluation feature.",
        },
      ],
      [
        {
          "children": [
            {
              "type": "text",
              "value": "Al-Harith Al-Mousa (@tirh25)",
            },
          ],
          "type": "bold",
        },
        {
          "type": "text",
          "value": " populated the official Syrian government accounts database.",
        },
      ],
      [
        {
          "children": [
            {
              "type": "text",
              "value": "haiueida (@haiueida)",
            },
          ],
          "type": "bold",
        },
        {
          "type": "text",
          "value": " provided Kurdish translations for SyOfficial.",
        },
      ],
      [
        {
          "children": [
            {
              "type": "text",
              "value": "Waleed Khamees (@WaleedKhamees)",
            },
          ],
          "type": "bold",
        },
        {
          "type": "text",
          "value": " optimized image compression and performance.",
        },
      ],
      [
        {
          "children": [
            {
              "type": "text",
              "value": "SourceM7",
            },
          ],
          "type": "bold",
        },
        {
          "type": "text",
          "value": " contributed to the Population Atlas and the homepage redesign.",
        },
      ],
      [
        {
          "children": [
            {
              "type": "text",
              "value": "Waheed Shaar (@WaheedShaar)",
            },
          ],
          "type": "bold",
        },
        {
          "type": "text",
          "value": " provided DWG CAD engineering vector files for the flag.",
        },
      ],
      [
        {
          "children": [
            {
              "type": "text",
              "value": "Abdulrahman Haddad (@abd_hmh)",
            },
          ],
          "type": "bold",
        },
        {
          "type": "text",
          "value": " supplied the flag proportion specification guidelines.",
        },
      ],
      [
        {
          "children": [
            {
              "type": "text",
              "value": "Yuri Dandashi (@yuri.dandashi)",
            },
          ],
          "type": "bold",
        },
        {
          "type": "text",
          "value": " designed the logo, brand identity, and site icons.",
        },
      ],
    ],
    "type": "list",
  },
  {
    "children": [
      {
        "type": "text",
        "value": "Open Source Software (MIT License)",
      },
    ],
    "type": "h2",
  },
  {
    "children": [
      {
        "type": "text",
        "value": "This software is licensed under the permissive ",
      },
      {
        "children": [
          {
            "type": "text",
            "value": "MIT License",
          },
        ],
        "type": "bold",
      },
      {
        "type": "text",
        "value": ". All codebase repositories are publicly accessible on GitHub.",
      },
    ],
    "type": "paragraph",
  },
  {
    "items": [
      [
        {
          "children": [
            {
              "type": "text",
              "value": "GitHub Repository",
            },
          ],
          "href": "https://github.com/syrianzone/syrianzone",
          "type": "link",
        },
      ],
      [
        {
          "children": [
            {
              "type": "text",
              "value": "Download Brand Kit",
            },
          ],
          "href": "https://syrian.zone/assets/BrandKit.zip",
          "type": "link",
        },
      ],
    ],
    "type": "list",
  },
  {
    "children": [
      {
        "type": "text",
        "value": "Resource Attributions",
      },
    ],
    "type": "h2",
  },
  {
    "children": [
      {
        "type": "text",
        "value": "Tool and project icons are derived from Streamline Icons via Icones under Creative Commons Attribution 4.0 International (CC BY 4.0).",
      },
    ],
    "type": "paragraph",
  },
]
`;
